// Jest Snapshot v1, https://goo.gl/fbAQLP

exports[`<UserListItem/> should render correctly 1`] = `
<div
  className="post"
>
  <a
    href="/users/lJFZuJB1auOwDlHDt93wQoMKqox1"
    onClick={[Function]}
  >
    <div
      className="user-image"
    >
      <img
        alt="userPhoto"
        className="post-img"
        src="https://firebasestorage.googleapis.com/v0/b/lite-screen.appspot.com/o/users%2FlJFZuJB1auOwDlHDt93wQoMKqox1%2Fphoto?alt=media&token=32f7fd3d-41fd-480b-bfea-b482a42fa49f"
      />
    </div>
  </a>
  <div
    className="post-name"
  >
    <h4>
      Arthur Moore
    </h4>
  </div>
  <div
    className="post-btn"
  >
    <button
      className="MuiButtonBase-root MuiIconButton-root"
      disabled={false}
      onBlur={[Function]}
      onDragLeave={[Function]}
      onFocus={[Function]}
      onKeyDown={[Function]}
      onKeyUp={[Function]}
      onMouseDown={[Function]}
      onMouseLeave={[Function]}
      onMouseUp={[Function]}
      onTouchEnd={[Function]}
      onTouchMove={[Function]}
      onTouchStart={[Function]}
      tabIndex={0}
      type="button"
    >
      <span
        className="MuiIconButton-label"
      >
        <svg
          aria-hidden={true}
          className="MuiSvgIcon-root"
          focusable="false"
          viewBox="0 0 24 24"
        >
          <path
            d="M20 4H4c-1.1 0-1.99.9-1.99 2L2 18c0 1.1.9 2 2 2h16c1.1 0 2-.9 2-2V6c0-1.1-.9-2-2-2zm0 14H4V8l8 5 8-5v10zm-8-7L4 6h16l-8 5z"
          />
        </svg>
      </span>
    </button>
    <button
      className="MuiButtonBase-root MuiIconButton-root"
      disabled={false}
      name="lJFZuJB1auOwDlHDt93wQoMKqox1"
      onBlur={[Function]}
      onClick={[Function]}
      onDragLeave={[Function]}
      onFocus={[Function]}
      onKeyDown={[Function]}
      onKeyUp={[Function]}
      onMouseDown={[Function]}
      onMouseLeave={[Function]}
      onMouseUp={[Function]}
      onTouchEnd={[Function]}
      onTouchMove={[Function]}
      onTouchStart={[Function]}
      tabIndex={0}
      type="button"
      value="https://firebasestorage.googleapis.com/v0/b/lite-screen.appspot.com/o/users%2FlJFZuJB1auOwDlHDt93wQoMKqox1%2Fphoto?alt=media&token=32f7fd3d-41fd-480b-bfea-b482a42fa49f"
    >
      <span
        className="MuiIconButton-label"
      >
        <svg
          aria-hidden={true}
          className="MuiSvgIcon-root"
          focusable="false"
          viewBox="0 0 24 24"
        >
          <path
            d="M19 13h-6v6h-2v-6H5v-2h6V5h2v6h6v2z"
          />
        </svg>
      </span>
    </button>
  </div>
</div>
`;
